// Jest Snapshot v1, https://goo.gl/fbAQLP

exports[`Renders registration form 1`] = `
<div
  className="MuiPaper-root MuiCard-root makeStyles-root-1 MuiPaper-elevation1 MuiPaper-rounded"
>
  <div
    className="MuiCardContent-root"
  >
    <div
      className="MuiPaper-root MuiStepper-root MuiStepper-horizontal MuiPaper-elevation0"
    >
      <div
        className="MuiStep-root MuiStep-horizontal"
      >
        <span
          className="MuiStepLabel-root MuiStepLabel-horizontal"
        >
          <span
            className="MuiStepLabel-iconContainer"
          >
            <svg
              aria-hidden={true}
              className="MuiSvgIcon-root MuiStepIcon-root MuiStepIcon-active"
              focusable="false"
              viewBox="0 0 24 24"
            >
              <circle
                cx="12"
                cy="12"
                r="12"
              />
              <text
                className="MuiStepIcon-text"
                textAnchor="middle"
                x="12"
                y="16"
              >
                1
              </text>
            </svg>
          </span>
          <span
            className="MuiStepLabel-labelContainer"
          >
            <span
              className="MuiTypography-root MuiStepLabel-label MuiStepLabel-active MuiTypography-body2 MuiTypography-displayBlock"
            >
              User
            </span>
          </span>
        </span>
      </div>
      <div
        className="MuiStepConnector-root MuiStepConnector-horizontal Mui-disabled"
      >
        <span
          className="MuiStepConnector-line MuiStepConnector-lineHorizontal"
        />
      </div>
      <div
        className="MuiStep-root MuiStep-horizontal"
      >
        <span
          className="MuiStepLabel-root MuiStepLabel-horizontal Mui-disabled"
        >
          <span
            className="MuiStepLabel-iconContainer"
          >
            <svg
              aria-hidden={true}
              className="MuiSvgIcon-root MuiStepIcon-root"
              focusable="false"
              viewBox="0 0 24 24"
            >
              <circle
                cx="12"
                cy="12"
                r="12"
              />
              <text
                className="MuiStepIcon-text"
                textAnchor="middle"
                x="12"
                y="16"
              >
                2
              </text>
            </svg>
          </span>
          <span
            className="MuiStepLabel-labelContainer"
          >
            <span
              className="MuiTypography-root MuiStepLabel-label MuiTypography-body2 MuiTypography-displayBlock"
            >
              Privacy
            </span>
          </span>
        </span>
      </div>
      <div
        className="MuiStepConnector-root MuiStepConnector-horizontal Mui-disabled"
      >
        <span
          className="MuiStepConnector-line MuiStepConnector-lineHorizontal"
        />
      </div>
      <div
        className="MuiStep-root MuiStep-horizontal"
      >
        <span
          className="MuiStepLabel-root MuiStepLabel-horizontal Mui-disabled"
        >
          <span
            className="MuiStepLabel-iconContainer"
          >
            <svg
              aria-hidden={true}
              className="MuiSvgIcon-root MuiStepIcon-root"
              focusable="false"
              viewBox="0 0 24 24"
            >
              <circle
                cx="12"
                cy="12"
                r="12"
              />
              <text
                className="MuiStepIcon-text"
                textAnchor="middle"
                x="12"
                y="16"
              >
                3
              </text>
            </svg>
          </span>
          <span
            className="MuiStepLabel-labelContainer"
          >
            <span
              className="MuiTypography-root MuiStepLabel-label MuiTypography-body2 MuiTypography-displayBlock"
            >
              Done
            </span>
          </span>
        </span>
      </div>
    </div>
    <div
      className="MuiGrid-root MuiGrid-container MuiGrid-direction-xs-column MuiGrid-align-items-xs-center MuiGrid-justify-xs-center"
    >
      
      <div
        className="makeStyles-fieldContainer-2"
      >
        <input
          className="makeStyles-field-3 "
          label="name"
          name="name"
          onChange={[Function]}
          placeholder="Name"
          type="text"
        />
        <div
          className="makeStyles-fieldText-5"
        />
        <div
          className="makeStyles-fieldError-6"
        />
      </div>
      <div
        className="makeStyles-fieldContainer-2"
      >
        <input
          className="makeStyles-field-3 "
          label="role"
          name="role"
          onChange={[Function]}
          placeholder="Role"
          type="text"
        />
        <div
          className="makeStyles-fieldText-5"
        />
        <div
          className="makeStyles-fieldError-6"
        />
      </div>
      <div
        className="makeStyles-fieldContainer-2"
      >
        <input
          className="makeStyles-field-3 "
          label="email"
          name="email"
          onChange={[Function]}
          placeholder="Email"
          type="text"
        />
        <div
          className="makeStyles-fieldText-5"
        />
        <div
          className="makeStyles-fieldError-6"
        />
      </div>
      <div
        className="makeStyles-fieldContainer-2"
      >
        <input
          className="makeStyles-field-3 "
          label="password"
          name="password"
          onChange={[Function]}
          placeholder="Password"
          type="password"
        />
        <div
          className="makeStyles-fieldText-5"
        />
        <div
          className="makeStyles-fieldError-6"
        />
      </div>
      <div
        className="makeStyles-action-7"
      >
        <button
          className="MuiButtonBase-root MuiButton-root MuiButton-contained MuiButton-containedPrimary MuiButton-containedSizeLarge MuiButton-sizeLarge"
          disabled={false}
          onBlur={[Function]}
          onClick={[Function]}
          onDragLeave={[Function]}
          onFocus={[Function]}
          onKeyDown={[Function]}
          onKeyUp={[Function]}
          onMouseDown={[Function]}
          onMouseLeave={[Function]}
          onMouseUp={[Function]}
          onTouchEnd={[Function]}
          onTouchMove={[Function]}
          onTouchStart={[Function]}
          tabIndex={0}
          type="button"
        >
          <span
            className="MuiButton-label"
          >
            Submit
          </span>
        </button>
      </div>
    </div>
  </div>
</div>
`;
