// Jest Snapshot v1, https://goo.gl/fbAQLP

exports[`Renders registration form 1`] = `
<div
  className="makeStyles-root-3"
>
  <svg
    aria-hidden={true}
    className="MuiSvgIcon-root makeStyles-doneIcon-4"
    focusable="false"
    viewBox="0 0 24 24"
  >
    <path
      d="M9 16.2L4.8 12l-1.4 1.4L9 19 21 7l-1.4-1.4L9 16.2z"
    />
  </svg>
  Please verify your email address, you should have received an email from us already
</div>
`;
